// Vitest Snapshot v1, https://vitest.dev/guide/snapshot.html

exports[`UiTrendBadge > matches snapshot for positive state 1`] = `"<span data-v-034a4dfb="" class="ui-trend-badge ui-trend-badge--positive" aria-label="variação: +12,50%"><svg data-v-034a4dfb="" xmlns="http://www.w3.org/2000/svg" width="12" height="12" viewBox="0 0 24 24" fill="none" stroke="currentColor" stroke-width="2" stroke-linecap="round" stroke-linejoin="round" class="lucide ui-trend-badge__icon lucide-trending-up-icon lucide-trending-up ui-trend-badge__icon" aria-hidden="true"><path d="M16 7h6v6"></path><path d="m22 7-8.5 8.5-5-5L2 17"></path></svg><span data-v-034a4dfb="">+12,50%</span></span>"`;
