// Vitest Snapshot v1, https://vitest.dev/guide/snapshot.html

exports[`UiMetricCard > matches snapshot with trend 1`] = `
"<div data-v-3c6954ed="" data-v-f046482e="" class="ui-surface-card ui-surface-card--padding-md ui-surface-card--shadow ui-surface-card--bordered ui-metric-card">
  <div data-v-f046482e="" class="ui-metric-card__header"><span data-v-f046482e="" class="ui-metric-card__label">Receitas</span>
    <!--v-if-->
  </div>
  <p data-v-f046482e="" class="ui-metric-card__value">R$ 5.000,00</p><span data-v-1e613e1c="" data-v-f046482e="" class="ui-trend-badge ui-trend-badge--positive ui-metric-card__trend" aria-label="variação: +2,50%"><svg data-v-1e613e1c="" xmlns="http://www.w3.org/2000/svg" width="12" height="12" viewBox="0 0 24 24" fill="none" stroke="currentColor" stroke-width="2" stroke-linecap="round" stroke-linejoin="round" class="lucide ui-trend-badge__icon lucide-trending-up-icon lucide-trending-up ui-trend-badge__icon" aria-hidden="true"><path d="M16 7h6v6"></path><path d="m22 7-8.5 8.5-5-5L2 17"></path></svg><span data-v-1e613e1c="">+2,50%</span></span>
</div>"
`;
